58.23.36.251 - - [07/Jan/2018:13:16:49 +0800] "GET /robots.txt HTTP/1.1" 404 1031 "-" "Mozilla/5.0 (Windows NT 10.0; WOW64) AppleWebKit/537.36 (KHTML, like Gecko) Chrome/63.0.3239.84 Safari/537.36"
58.23.36.251 - - [07/Jan/2018:13:16:49 +0800] "GET /line/ HTTP/1.1" 200 56 "http://119.29.62.85/chart/" "Mozilla/5.0 (Windows NT 10.0; WOW64) AppleWebKit/537.36 (KHTML, like Gecko) Chrome/63.0.3239.84 Safari/537.36"
58.23.36.251 - - [07/Jan/2018:13:16:57 +0800] "GET /chart/ HTTP/1.1" 200 341 "-" "Mozilla/5.0 (Windows NT 10.0; WOW64) AppleWebKit/537.36 (KHTML, like Gecko) Chrome/63.0.3239.84 Safari/537.36"
58.23.36.251 - - [07/Jan/2018:13:16:57 +0800] "GET /line/ HTTP/1.1" 200 56 "http://119.29.62.85/chart/" "Mozilla/5.0 (Windows NT 10.0; WOW64) AppleWebKit/537.36 (KHTML, like Gecko) Chrome/63.0.3239.84 Safari/537.36"
58.23.36.251 - - [07/Jan/2018:13:18:19 +0800] "GET /chart/ HTTP/1.1" 200 335 "-" "Mozilla/5.0 (Windows NT 10.0; WOW64) AppleWebKit/537.36 (KHTML, like Gecko) Chrome/63.0.3239.84 Safari/537.36"
58.23.36.251 - - [07/Jan/2018:13:18:19 +0800] "GET /line/ HTTP/1.1" 200 56 "http://119.29.62.85/chart/" "Mozilla/5.0 (Windows NT 10.0; WOW64) AppleWebKit/537.36 (KHTML, like Gecko) Chrome/63.0.3239.84 Safari/537.36"
58.23.36.251 - - [07/Jan/2018:13:19:20 +0800] "GET /chart/ HTTP/1.1" 200 343 "-" "Mozilla/5.0 (Windows NT 10.0; WOW64) AppleWebKit/537.36 (KHTML, like Gecko) Chrome/63.0.3239.84 Safari/537.36"
58.23.36.251 - - [07/Jan/2018:13:19:20 +0800] "GET /line/ HTTP/1.1" 200 56 "http://119.29.62.85/chart/" "Mozilla/5.0 (Windows NT 10.0; WOW64) AppleWebKit/537.36 (KHTML, like Gecko) Chrome/63.0.3239.84 Safari/537.36"
58.23.36.251 - - [07/Jan/2018:13:19:54 +0800] "GET /chart/ HTTP/1.1" 200 341 "-" "Mozilla/5.0 (Windows NT 10.0; WOW64) AppleWebKit/537.36 (KHTML, like Gecko) Chrome/63.0.3239.84 Safari/537.36"
58.23.36.251 - - [07/Jan/2018:13:19:55 +0800] "GET /line/ HTTP/1.1" 200 56 "http://119.29.62.85/chart/" "Mozilla/5.0 (Windows NT 10.0; WOW64) AppleWebKit/537.36 (KHTML, like Gecko) Chrome/63.0.3239.84 Safari/537.36"
58.23.36.251 - - [07/Jan/2018:13:20:49 +0800] "GET /chart/ HTTP/1.1" 200 330 "-" "Mozilla/5.0 (Windows NT 10.0; WOW64) AppleWebKit/537.36 (KHTML, like Gecko) Chrome/63.0.3239.84 Safari/537.36"
58.23.36.251 - - [07/Jan/2018:13:20:49 +0800] "GET /line/ HTTP/1.1" 200 56 "http://119.29.62.85/chart/" "Mozilla/5.0 (Windows NT 10.0; WOW64) AppleWebKit/537.36 (KHTML, like Gecko) Chrome/63.0.3239.84 Safari/537.36"
58.23.36.251 - - [07/Jan/2018:13:22:34 +0800] "GET /chart/ HTTP/1.1" 200 363 "-" "Mozilla/5.0 (Windows NT 10.0; WOW64) AppleWebKit/537.36 (KHTML, like Gecko) Chrome/63.0.3239.84 Safari/537.36"
58.23.36.251 - - [07/Jan/2018:13:22:35 +0800] "POST /line HTTP/1.1" 500 12279 "http://119.29.62.85/chart/" "Mozilla/5.0 (Windows NT 10.0; WOW64) AppleWebKit/537.36 (KHTML, like Gecko) Chrome/63.0.3239.84 Safari/537.36"
58.23.36.251 - - [07/Jan/2018:13:22:52 +0800] "GET /chart/ HTTP/1.1" 200 355 "-" "Mozilla/5.0 (Windows NT 10.0; WOW64) AppleWebKit/537.36 (KHTML, like Gecko) Chrome/63.0.3239.84 Safari/537.36"
58.23.36.251 - - [07/Jan/2018:13:22:52 +0800] "GET /line/ HTTP/1.1" 200 56 "http://119.29.62.85/chart/" "Mozilla/5.0 (Windows NT 10.0; WOW64) AppleWebKit/537.36 (KHTML, like Gecko) Chrome/63.0.3239.84 Safari/537.36"
183.57.53.177 - - [07/Jan/2018:13:38:19 +0800] "GET /rockmongo HTTP/1.1" 404 1032 "-" "Mozilla/5.0 (iPhone; CPU iPhone OS 9_3_4 like Mac OS X) AppleWebKit/601.1.46 (KHTML, like Gecko) Mobile/13G35 QQ/6.5.3.410 V1_IPH_SQ_6.5.3_1_APP_A Pixel/750 Core/UIWebView NetType/2G Mem/117"
47.88.77.115 - - [07/Jan/2018:14:08:10 +0800] "GET / HTTP/1.1" 400 36489 "-" "-"
58.23.36.251 - - [07/Jan/2018:14:34:34 +0800] "GET / HTTP/1.1" 500 46510 "-" "Mozilla/5.0 (Windows NT 10.0; WOW64) AppleWebKit/537.36 (KHTML, like Gecko) Chrome/63.0.3239.84 Safari/537.36"
58.23.36.251 - - [07/Jan/2018:14:34:36 +0800] "GET /chart/ HTTP/1.1" 500 134422 "-" "Mozilla/5.0 (Windows NT 10.0; WOW64) AppleWebKit/537.36 (KHTML, like Gecko) Chrome/63.0.3239.84 Safari/537.36"
58.23.36.251 - - [07/Jan/2018:14:34:37 +0800] "GET /favicon.ico HTTP/1.1" 500 150104 "http://119.29.62.85/chart/" "Mozilla/5.0 (Windows NT 10.0; WOW64) AppleWebKit/537.36 (KHTML, like Gecko) Chrome/63.0.3239.84 Safari/537.36"
112.65.193.14 - - [07/Jan/2018:14:34:47 +0800] "GET / HTTP/1.1" 500 133429 "-" "Mozilla/5.0 (Macintosh; Intel Mac OS X 10_12_4) AppleWebKit/537.36 (KHTML, like Gecko) \x09\x09\x09Chrome/55.0.2883.95 Safari/537.36"
58.23.36.251 - - [07/Jan/2018:14:35:14 +0800] "GET /chart/ HTTP/1.1" 500 134507 "-" "Mozilla/5.0 (Windows NT 10.0; WOW64) AppleWebKit/537.36 (KHTML, like Gecko) Chrome/63.0.3239.84 Safari/537.36"
58.23.36.251 - - [07/Jan/2018:14:35:15 +0800] "GET /favicon.ico HTTP/1.1" 500 150054 "http://119.29.62.85/chart/" "Mozilla/5.0 (Windows NT 10.0; WOW64) AppleWebKit/537.36 (KHTML, like Gecko) Chrome/63.0.3239.84 Safari/537.36"
58.246.221.74 - - [07/Jan/2018:14:35:33 +0800] "GET / HTTP/1.1" 500 133361 "-" "Mozilla/5.0 (Windows NT 6.1; WOW64) AppleWebKit/537.36 (KHTML, like Gecko) Chrome/56.0.2924.87 Safari/537.36"
58.23.36.251 - - [07/Jan/2018:14:36:00 +0800] "GET /chart/ HTTP/1.1" 200 355 "-" "Mozilla/5.0 (Windows NT 10.0; WOW64) AppleWebKit/537.36 (KHTML, like Gecko) Chrome/63.0.3239.84 Safari/537.36"
58.23.36.251 - - [07/Jan/2018:14:36:00 +0800] "GET /line/ HTTP/1.1" 200 56 "http://119.29.62.85/chart/" "Mozilla/5.0 (Windows NT 10.0; WOW64) AppleWebKit/537.36 (KHTML, like Gecko) Chrome/63.0.3239.84 Safari/537.36"
58.23.36.251 - - [07/Jan/2018:14:36:02 +0800] "GET /favicon.ico HTTP/1.1" 404 1032 "http://119.29.62.85/chart/" "Mozilla/5.0 (Windows NT 10.0; WOW64) AppleWebKit/537.36 (KHTML, like Gecko) Chrome/63.0.3239.84 Safari/537.36"
101.226.65.107 - - [07/Jan/2018:14:37:51 +0800] "GET / HTTP/1.1" 200 357 "-" "Mozilla/5.0 (Windows NT 6.1; WOW64) AppleWebKit/537.36 (KHTML, like Gecko) Chrome/56.0.2924.87 Safari/537.36"
101.226.65.107 - - [07/Jan/2018:14:37:53 +0800] "GET /static/wjs/jquery-1.10.2.js HTTP/1.1" 200 273199 "http://119.29.62.85/" "Mozilla/5.0 (Windows NT 6.1; WOW64) AppleWebKit/537.36 (KHTML, like Gecko) Chrome/45.0.2454.101 Safari/537.36"
101.226.65.107 - - [07/Jan/2018:14:38:03 +0800] "GET /static/wjs/echarts.min.js HTTP/1.1" 200 549700 "http://119.29.62.85/" "Mozilla/5.0 (Windows NT 6.1; WOW64) AppleWebKit/537.36 (KHTML, like Gecko) Chrome/56.0.2924.87 Safari/537.36"
101.226.65.107 - - [07/Jan/2018:14:38:04 +0800] "GET /static/home/js/lineChart.js HTTP/1.1" 200 4003 "http://119.29.62.85/" "Mozilla/5.0 (Windows NT 6.1; WOW64) AppleWebKit/537.36 (KHTML, like Gecko) Chrome/53.0.2785.104 Safari/537.36 Core/1.53.2141.400 QQBrowser/9.5.10219.400"
101.226.65.107 - - [07/Jan/2018:14:38:06 +0800] "GET /static/home/js/postChart.js HTTP/1.1" 200 13577 "http://119.29.62.85/" "Mozilla/5.0 (Windows NT 6.1; WOW64) AppleWebKit/537.36 (KHTML, like Gecko) Chrome/45.0.2454.101 Safari/537.36"
101.226.65.107 - - [07/Jan/2018:14:38:08 +0800] "GET /static/home/js/angleChart.js HTTP/1.1" 200 2076 "http://119.29.62.85/" "Mozilla/5.0 (Windows NT 6.1; WOW64) AppleWebKit/537.36 (KHTML, like Gecko) Chrome/43.0.2357.124 Safari/537.36"
58.23.36.251 - - [07/Jan/2018:14:43:19 +0800] "GET /chart/ HTTP/1.1" 500 134563 "-" "Mozilla/5.0 (Windows NT 10.0; WOW64) AppleWebKit/537.36 (KHTML, like Gecko) Chrome/63.0.3239.84 Safari/537.36"
58.23.36.251 - - [07/Jan/2018:14:43:19 +0800] "GET /robots.txt HTTP/1.1" 500 149275 "-" "Mozilla/5.0 (Windows NT 10.0; WOW64) AppleWebKit/537.36 (KHTML, like Gecko) Chrome/63.0.3239.84 Safari/537.36"
58.23.36.251 - - [07/Jan/2018:14:43:21 +0800] "GET /robots.txt HTTP/1.1" 500 149275 "-" "Mozilla/5.0 (Windows NT 10.0; WOW64) AppleWebKit/537.36 (KHTML, like Gecko) Chrome/63.0.3239.84 Safari/537.36"
58.23.36.251 - - [07/Jan/2018:14:43:52 +0800] "GET /chart/ HTTP/1.1" 500 134567 "-" "Mozilla/5.0 (Windows NT 10.0; WOW64) AppleWebKit/537.36 (KHTML, like Gecko) Chrome/63.0.3239.84 Safari/537.36"
58.23.36.251 - - [07/Jan/2018:14:43:53 +0800] "GET /robots.txt HTTP/1.1" 500 149350 "-" "Mozilla/5.0 (Windows NT 10.0; WOW64) AppleWebKit/537.36 (KHTML, like Gecko) Chrome/63.0.3239.84 Safari/537.36"
58.23.36.251 - - [07/Jan/2018:14:43:54 +0800] "GET /robots.txt HTTP/1.1" 500 149302 "-" "Mozilla/5.0 (Windows NT 10.0; WOW64) AppleWebKit/537.36 (KHTML, like Gecko) Chrome/63.0.3239.84 Safari/537.36"
58.23.36.251 - - [07/Jan/2018:14:44:04 +0800] "GET /chart/ HTTP/1.1" 500 134564 "-" "Mozilla/5.0 (Windows NT 10.0; WOW64) AppleWebKit/537.36 (KHTML, like Gecko) Chrome/63.0.3239.84 Safari/537.36"
58.23.36.251 - - [07/Jan/2018:14:44:04 +0800] "GET /robots.txt HTTP/1.1" 500 149363 "-" "Mozilla/5.0 (Windows NT 10.0; WOW64) AppleWebKit/537.36 (KHTML, like Gecko) Chrome/63.0.3239.84 Safari/537.36"
58.23.36.251 - - [07/Jan/2018:14:44:05 +0800] "GET /robots.txt HTTP/1.1" 500 149299 "-" "Mozilla/5.0 (Windows NT 10.0; WOW64) AppleWebKit/537.36 (KHTML, like Gecko) Chrome/63.0.3239.84 Safari/537.36"
58.23.36.251 - - [07/Jan/2018:14:45:32 +0800] "GET /chart/ HTTP/1.1" 500 134564 "-" "Mozilla/5.0 (Windows NT 10.0; WOW64) AppleWebKit/537.36 (KHTML, like Gecko) Chrome/63.0.3239.84 Safari/537.36"
58.23.36.251 - - [07/Jan/2018:14:45:34 +0800] "GET /robots.txt HTTP/1.1" 500 149276 "-" "Mozilla/5.0 (Windows NT 10.0; WOW64) AppleWebKit/537.36 (KHTML, like Gecko) Chrome/63.0.3239.84 Safari/537.36"
58.23.36.251 - - [07/Jan/2018:14:45:34 +0800] "GET /robots.txt HTTP/1.1" 500 149276 "-" "Mozilla/5.0 (Windows NT 10.0; WOW64) AppleWebKit/537.36 (KHTML, like Gecko) Chrome/63.0.3239.84 Safari/537.36"
58.23.36.251 - - [07/Jan/2018:14:45:38 +0800] "GET /robots.txt HTTP/1.1" 500 149299 "-" "Mozilla/5.0 (Windows NT 10.0; WOW64) AppleWebKit/537.36 (KHTML, like Gecko) Chrome/63.0.3239.84 Safari/537.36"
58.23.36.251 - - [07/Jan/2018:14:45:38 +0800] "GET /chart/ HTTP/1.1" 500 134690 "-" "Mozilla/5.0 (Windows NT 10.0; WOW64) AppleWebKit/537.36 (KHTML, like Gecko) Chrome/63.0.3239.84 Safari/537.36"
58.23.36.251 - - [07/Jan/2018:14:45:38 +0800] "GET /robots.txt HTTP/1.1" 500 149299 "-" "Mozilla/5.0 (Windows NT 10.0; WOW64) AppleWebKit/537.36 (KHTML, like Gecko) Chrome/63.0.3239.84 Safari/537.36"
58.23.36.251 - - [07/Jan/2018:14:45:40 +0800] "GET /favicon.ico HTTP/1.1" 500 150301 "http://119.29.62.85/chart/" "Mozilla/5.0 (Windows NT 10.0; WOW64) AppleWebKit/537.36 (KHTML, like Gecko) Chrome/63.0.3239.84 Safari/537.36"
58.23.36.251 - - [07/Jan/2018:14:46:42 +0800] "GET /chart/ HTTP/1.1" 500 134564 "-" "Mozilla/5.0 (Windows NT 10.0; WOW64) AppleWebKit/537.36 (KHTML, like Gecko) Chrome/63.0.3239.84 Safari/537.36"
58.23.36.251 - - [07/Jan/2018:14:46:43 +0800] "GET /robots.txt HTTP/1.1" 500 149299 "-" "Mozilla/5.0 (Windows NT 10.0; WOW64) AppleWebKit/537.36 (KHTML, like Gecko) Chrome/63.0.3239.84 Safari/537.36"
58.23.36.251 - - [07/Jan/2018:14:46:44 +0800] "GET /robots.txt HTTP/1.1" 500 149299 "-" "Mozilla/5.0 (Windows NT 10.0; WOW64) AppleWebKit/537.36 (KHTML, like Gecko) Chrome/63.0.3239.84 Safari/537.36"
58.23.36.251 - - [07/Jan/2018:14:46:45 +0800] "GET /favicon.ico HTTP/1.1" 500 150040 "http://119.29.62.85/chart/" "Mozilla/5.0 (Windows NT 10.0; WOW64) AppleWebKit/537.36 (KHTML, like Gecko) Chrome/63.0.3239.84 Safari/537.36"
58.23.36.251 - - [07/Jan/2018:14:46:47 +0800] "GET /chart/ HTTP/1.1" 500 134690 "-" "Mozilla/5.0 (Windows NT 10.0; WOW64) AppleWebKit/537.36 (KHTML, like Gecko) Chrome/63.0.3239.84 Safari/537.36"
58.23.36.251 - - [07/Jan/2018:14:46:47 +0800] "GET /robots.txt HTTP/1.1" 500 149299 "-" "Mozilla/5.0 (Windows NT 10.0; WOW64) AppleWebKit/537.36 (KHTML, like Gecko) Chrome/63.0.3239.84 Safari/537.36"
58.23.36.251 - - [07/Jan/2018:14:46:49 +0800] "GET /favicon.ico HTTP/1.1" 500 150301 "http://119.29.62.85/chart/" "Mozilla/5.0 (Windows NT 10.0; WOW64) AppleWebKit/537.36 (KHTML, like Gecko) Chrome/63.0.3239.84 Safari/537.36"
58.23.36.251 - - [07/Jan/2018:14:46:49 +0800] "GET /robots.txt HTTP/1.1" 500 149299 "-" "Mozilla/5.0 (Windows NT 10.0; WOW64) AppleWebKit/537.36 (KHTML, like Gecko) Chrome/63.0.3239.84 Safari/537.36"
58.23.36.251 - - [07/Jan/2018:15:01:53 +0800] "GET /robots.txt HTTP/1.1" 500 149276 "-" "Mozilla/5.0 (Windows NT 10.0; WOW64) AppleWebKit/537.36 (KHTML, like Gecko) Chrome/63.0.3239.84 Safari/537.36"
58.23.36.251 - - [07/Jan/2018:15:01:53 +0800] "GET /chart/ HTTP/1.1" 500 134564 "-" "Mozilla/5.0 (Windows NT 10.0; WOW64) AppleWebKit/537.36 (KHTML, like Gecko) Chrome/63.0.3239.84 Safari/537.36"
58.23.36.251 - - [07/Jan/2018:15:01:54 +0800] "GET /favicon.ico HTTP/1.1" 500 150040 "http://119.29.62.85/chart/" "Mozilla/5.0 (Windows NT 10.0; WOW64) AppleWebKit/537.36 (KHTML, like Gecko) Chrome/63.0.3239.84 Safari/537.36"
58.23.36.251 - - [07/Jan/2018:15:01:56 +0800] "GET /robots.txt HTTP/1.1" 500 149276 "-" "Mozilla/5.0 (Windows NT 10.0; WOW64) AppleWebKit/537.36 (KHTML, like Gecko) Chrome/63.0.3239.84 Safari/537.36"
183.57.53.177 - - [07/Jan/2018:15:21:00 +0800] "GET /line HTTP/1.1" 500 149236 "-" "Mozilla/5.0 (iPhone; CPU iPhone OS 9_3_4 like Mac OS X) AppleWebKit/601.1.46 (KHTML, like Gecko) Mobile/13G35 QQ/6.5.3.410 V1_IPH_SQ_6.5.3_1_APP_A Pixel/750 Core/UIWebView NetType/2G Mem/117"
58.23.36.251 - - [07/Jan/2018:15:21:33 +0800] "GET /robots.txt HTTP/1.1" 500 149099 "-" "Mozilla/5.0 (Windows NT 10.0; WOW64) AppleWebKit/537.36 (KHTML, like Gecko) Chrome/63.0.3239.84 Safari/537.36"
58.23.36.251 - - [07/Jan/2018:15:21:34 +0800] "GET /chart/ HTTP/1.1" 500 134387 "-" "Mozilla/5.0 (Windows NT 10.0; WOW64) AppleWebKit/537.36 (KHTML, like Gecko) Chrome/63.0.3239.84 Safari/537.36"
58.23.36.251 - - [07/Jan/2018:15:21:34 +0800] "GET /robots.txt HTTP/1.1" 500 149099 "-" "Mozilla/5.0 (Windows NT 10.0; WOW64) AppleWebKit/537.36 (KHTML, like Gecko) Chrome/63.0.3239.84 Safari/537.36"
58.23.36.251 - - [07/Jan/2018:15:21:35 +0800] "GET /favicon.ico HTTP/1.1" 500 149863 "http://119.29.62.85/chart/" "Mozilla/5.0 (Windows NT 10.0; WOW64) AppleWebKit/537.36 (KHTML, like Gecko) Chrome/63.0.3239.84 Safari/537.36"
58.23.36.251 - - [07/Jan/2018:15:21:56 +0800] "GET /robots.txt HTTP/1.1" 404 1031 "-" "Mozilla/5.0 (Windows NT 10.0; WOW64) AppleWebKit/537.36 (KHTML, like Gecko) Chrome/63.0.3239.84 Safari/537.36"
58.23.36.251 - - [07/Jan/2018:15:21:57 +0800] "GET /chart/ HTTP/1.1" 200 372 "-" "Mozilla/5.0 (Windows NT 10.0; WOW64) AppleWebKit/537.36 (KHTML, like Gecko) Chrome/63.0.3239.84 Safari/537.36"
58.23.36.251 - - [07/Jan/2018:15:21:57 +0800] "GET /favicon.ico HTTP/1.1" 404 1032 "http://119.29.62.85/chart/" "Mozilla/5.0 (Windows NT 10.0; WOW64) AppleWebKit/537.36 (KHTML, like Gecko) Chrome/63.0.3239.84 Safari/537.36"
58.23.36.251 - - [07/Jan/2018:15:22:21 +0800] "GET /chart/ HTTP/1.1" 200 372 "-" "Mozilla/5.0 (Windows NT 10.0; WOW64) AppleWebKit/537.36 (KHTML, like Gecko) Chrome/63.0.3239.84 Safari/537.36"
58.23.36.251 - - [07/Jan/2018:15:22:21 +0800] "GET /static/wjs/jquery-1.10.2.js HTTP/1.1" 200 273199 "http://119.29.62.85/chart/" "Mozilla/5.0 (Windows NT 10.0; WOW64) AppleWebKit/537.36 (KHTML, like Gecko) Chrome/63.0.3239.84 Safari/537.36"
58.23.36.251 - - [07/Jan/2018:15:23:18 +0800] "GET /chart/ HTTP/1.1" 200 373 "-" "Mozilla/5.0 (Windows NT 10.0; WOW64) AppleWebKit/537.36 (KHTML, like Gecko) Chrome/63.0.3239.84 Safari/537.36"
58.23.36.251 - - [07/Jan/2018:15:23:18 +0800] "GET /line?ac=ac HTTP/1.1" 301 0 "http://119.29.62.85/chart/" "Mozilla/5.0 (Windows NT 10.0; WOW64) AppleWebKit/537.36 (KHTML, like Gecko) Chrome/63.0.3239.84 Safari/537.36"
58.23.36.251 - - [07/Jan/2018:15:23:18 +0800] "GET /line/?ac=ac HTTP/1.1" 500 11669 "http://119.29.62.85/chart/" "Mozilla/5.0 (Windows NT 10.0; WOW64) AppleWebKit/537.36 (KHTML, like Gecko) Chrome/63.0.3239.84 Safari/537.36"
61.160.200.64 - - [07/Jan/2018:15:24:05 +0800] "GET / HTTP/1.1" 200 817 "http://119.29.62.85:80" "Mozilla/4.0 (compatible; MSIE 9.0; Windows NT 6.1)"
58.247.212.55 - - [07/Jan/2018:15:24:18 +0800] "GET /line?ac=ac HTTP/1.1" 301 0 "http://119.29.62.85/chart/" "Mozilla/5.0 (Windows NT 6.1; WOW64) AppleWebKit/537.36 (KHTML, like Gecko) Chrome/43.0.2357.124 Safari/537.36"
58.247.212.55 - - [07/Jan/2018:15:24:18 +0800] "GET /line/?ac=ac HTTP/1.1" 500 56857 "http://119.29.62.85/chart/" "Mozilla/5.0 (Windows NT 6.1; WOW64) AppleWebKit/537.36 (KHTML, like Gecko) Chrome/45.0.2454.101 Safari/537.36"
58.247.212.55 - - [07/Jan/2018:15:24:18 +0800] "GET /line/?ac=ac HTTP/1.1" 500 56861 "http://119.29.62.85/line?ac=ac" "Mozilla/5.0 (Windows NT 6.1; WOW64) AppleWebKit/537.36 (KHTML, like Gecko) Chrome/43.0.2357.124 Safari/537.36"
58.23.36.251 - - [07/Jan/2018:15:24:32 +0800] "GET /chart/ HTTP/1.1" 200 382 "-" "Mozilla/5.0 (Windows NT 10.0; WOW64) AppleWebKit/537.36 (KHTML, like Gecko) Chrome/63.0.3239.84 Safari/537.36"
58.23.36.251 - - [07/Jan/2018:15:24:32 +0800] "POST /line HTTP/1.1" 500 12352 "http://119.29.62.85/chart/" "Mozilla/5.0 (Windows NT 10.0; WOW64) AppleWebKit/537.36 (KHTML, like Gecko) Chrome/63.0.3239.84 Safari/537.36"
61.160.200.64 - - [07/Jan/2018:15:25:37 +0800] "GET / HTTP/1.1" 200 817 "http://119.29.62.85:80" "Mozilla/4.0 (compatible; MSIE 9.0; Windows NT 6.1)"
58.23.36.251 - - [07/Jan/2018:15:25:43 +0800] "GET /chart/ HTTP/1.1" 200 366 "-" "Mozilla/5.0 (Windows NT 10.0; WOW64) AppleWebKit/537.36 (KHTML, like Gecko) Chrome/63.0.3239.84 Safari/537.36"
58.23.36.251 - - [07/Jan/2018:15:25:43 +0800] "POST /line HTTP/1.1" 500 12230 "http://119.29.62.85/chart/" "Mozilla/5.0 (Windows NT 10.0; WOW64) AppleWebKit/537.36 (KHTML, like Gecko) Chrome/63.0.3239.84 Safari/537.36"
58.23.36.251 - - [07/Jan/2018:15:25:46 +0800] "GET /chart/ HTTP/1.1" 200 366 "-" "Mozilla/5.0 (Windows NT 10.0; WOW64) AppleWebKit/537.36 (KHTML, like Gecko) Chrome/63.0.3239.84 Safari/537.36"
58.23.36.251 - - [07/Jan/2018:15:25:46 +0800] "GET /static/wjs/jquery-1.10.2.js HTTP/1.1" 200 273199 "http://119.29.62.85/chart/" "Mozilla/5.0 (Windows NT 10.0; WOW64) AppleWebKit/537.36 (KHTML, like Gecko) Chrome/63.0.3239.84 Safari/537.36"
58.23.36.251 - - [07/Jan/2018:15:25:47 +0800] "POST /line HTTP/1.1" 500 12293 "http://119.29.62.85/chart/" "Mozilla/5.0 (Windows NT 10.0; WOW64) AppleWebKit/537.36 (KHTML, like Gecko) Chrome/63.0.3239.84 Safari/537.36"
61.160.200.64 - - [07/Jan/2018:15:26:17 +0800] "GET / HTTP/1.1" 200 817 "http://119.29.62.85:80" "Mozilla/4.0 (compatible; MSIE 9.0; Windows NT 6.1)"
61.160.200.64 - - [07/Jan/2018:15:26:33 +0800] "GET / HTTP/1.1" 200 817 "http://119.29.62.85:80" "Mozilla/4.0 (compatible; MSIE 9.0; Windows NT 6.1)"
101.226.65.107 - - [07/Jan/2018:15:26:41 +0800] "GET /line/?ac=ac HTTP/1.1" 500 48488 "http://119.29.62.85/chart/" "Mozilla/5.0 (Windows NT 6.1; WOW64; rv:50.0) Gecko/20100101 Firefox/50.0"
58.23.36.251 - - [07/Jan/2018:15:27:08 +0800] "GET /chart/ HTTP/1.1" 200 363 "-" "Mozilla/5.0 (Windows NT 10.0; WOW64) AppleWebKit/537.36 (KHTML, like Gecko) Chrome/63.0.3239.84 Safari/537.36"
58.23.36.251 - - [07/Jan/2018:15:27:49 +0800] "GET /chart/ HTTP/1.1" 200 364 "-" "Mozilla/5.0 (Windows NT 10.0; WOW64) AppleWebKit/537.36 (KHTML, like Gecko) Chrome/63.0.3239.84 Safari/537.36"
58.23.36.251 - - [07/Jan/2018:15:27:49 +0800] "POST /line HTTP/1.1" 500 12230 "http://119.29.62.85/chart/" "Mozilla/5.0 (Windows NT 10.0; WOW64) AppleWebKit/537.36 (KHTML, like Gecko) Chrome/63.0.3239.84 Safari/537.36"
58.23.36.251 - - [07/Jan/2018:15:27:59 +0800] "GET /chart/ HTTP/1.1" 200 364 "-" "Mozilla/5.0 (Windows NT 10.0; WOW64) AppleWebKit/537.36 (KHTML, like Gecko) Chrome/63.0.3239.84 Safari/537.36"
58.23.36.251 - - [07/Jan/2018:15:28:03 +0800] "GET /line/ HTTP/1.1" 500 49006 "-" "Mozilla/5.0 (Windows NT 10.0; WOW64) AppleWebKit/537.36 (KHTML, like Gecko) Chrome/63.0.3239.84 Safari/537.36"
58.23.36.251 - - [07/Jan/2018:15:28:55 +0800] "GET /line/ HTTP/1.1" 200 3 "-" "Mozilla/5.0 (Windows NT 10.0; WOW64) AppleWebKit/537.36 (KHTML, like Gecko) Chrome/63.0.3239.84 Safari/537.36"
58.23.36.251 - - [07/Jan/2018:15:29:34 +0800] "POST /line HTTP/1.1" 500 12230 "http://119.29.62.85/chart/" "Mozilla/5.0 (Windows NT 10.0; WOW64) AppleWebKit/537.36 (KHTML, like Gecko) Chrome/63.0.3239.84 Safari/537.36"
58.23.36.251 - - [07/Jan/2018:15:29:51 +0800] "GET /chart/ HTTP/1.1" 200 357 "-" "Mozilla/5.0 (Windows NT 10.0; WOW64) AppleWebKit/537.36 (KHTML, like Gecko) Chrome/63.0.3239.84 Safari/537.36"
58.23.36.251 - - [07/Jan/2018:15:29:51 +0800] "GET /robots.txt HTTP/1.1" 404 1031 "-" "Mozilla/5.0 (Windows NT 10.0; WOW64) AppleWebKit/537.36 (KHTML, like Gecko) Chrome/63.0.3239.84 Safari/537.36"
58.23.36.251 - - [07/Jan/2018:15:29:52 +0800] "GET /static/wjs/jquery-1.10.2.js HTTP/1.1" 200 273199 "http://119.29.62.85/chart/" "Mozilla/5.0 (Windows NT 10.0; WOW64) AppleWebKit/537.36 (KHTML, like Gecko) Chrome/63.0.3239.84 Safari/537.36"
58.23.36.251 - - [07/Jan/2018:15:29:53 +0800] "GET /line HTTP/1.1" 301 0 "http://119.29.62.85/chart/" "Mozilla/5.0 (Windows NT 10.0; WOW64) AppleWebKit/537.36 (KHTML, like Gecko) Chrome/63.0.3239.84 Safari/537.36"
58.23.36.251 - - [07/Jan/2018:15:29:53 +0800] "GET /line/ HTTP/1.1" 200 3 "http://119.29.62.85/chart/" "Mozilla/5.0 (Windows NT 10.0; WOW64) AppleWebKit/537.36 (KHTML, like Gecko) Chrome/63.0.3239.84 Safari/537.36"
58.247.212.139 - - [07/Jan/2018:15:30:51 +0800] "GET /robots.txt HTTP/1.1" 404 1031 "-" "Mozilla/5.0 (Windows NT 6.1; WOW64; Trident/7.0; SLCC2; .NET CLR 2.0.50727; .NET CLR 3.5.30729; .NET CLR 3.0.30729; Media Center PC 6.0; .NET4.0C; .NET4.0E; InfoPath.3; rv:11.0) like Gecko"
58.23.36.251 - - [07/Jan/2018:15:30:51 +0800] "GET /chart/ HTTP/1.1" 200 373 "-" "Mozilla/5.0 (Windows NT 10.0; WOW64) AppleWebKit/537.36 (KHTML, like Gecko) Chrome/63.0.3239.84 Safari/537.36"
58.23.36.251 - - [07/Jan/2018:15:31:18 +0800] "GET /chart/ HTTP/1.1" 200 374 "-" "Mozilla/5.0 (Windows NT 10.0; WOW64) AppleWebKit/537.36 (KHTML, like Gecko) Chrome/63.0.3239.84 Safari/537.36"
58.23.36.251 - - [07/Jan/2018:15:31:18 +0800] "GET /line?ac=asss HTTP/1.1" 301 0 "http://119.29.62.85/chart/" "Mozilla/5.0 (Windows NT 10.0; WOW64) AppleWebKit/537.36 (KHTML, like Gecko) Chrome/63.0.3239.84 Safari/537.36"
58.23.36.251 - - [07/Jan/2018:15:31:18 +0800] "GET /line/?ac=asss HTTP/1.1" 200 4 "http://119.29.62.85/chart/" "Mozilla/5.0 (Windows NT 10.0; WOW64) AppleWebKit/537.36 (KHTML, like Gecko) Chrome/63.0.3239.84 Safari/537.36"
112.65.193.15 - - [07/Jan/2018:15:32:18 +0800] "GET /line?ac=asss HTTP/1.1" 301 0 "http://119.29.62.85/chart/" "Mozilla/5.0 (Windows NT 6.1; WOW64) AppleWebKit/537.36 (KHTML, like Gecko) Chrome/56.0.2924.87 Safari/537.36"
223.167.152.14 - - [07/Jan/2018:15:32:18 +0800] "GET /line/?ac=asss HTTP/1.1" 500 65521 "http://119.29.62.85/chart/" "Mozilla/5.0 (Macintosh; Intel Mac OS X 10_12_4) AppleWebKit/537.36 (KHTML, like Gecko) \x09\x09\x09Chrome/55.0.2883.95 Safari/537.36"
112.65.193.15 - - [07/Jan/2018:15:32:18 +0800] "GET /line/?ac=asss HTTP/1.1" 500 65508 "http://119.29.62.85/line?ac=asss" "Mozilla/5.0 (Windows NT 6.1; WOW64) AppleWebKit/537.36 (KHTML, like Gecko) Chrome/56.0.2924.87 Safari/537.36"
58.23.36.251 - - [07/Jan/2018:15:32:19 +0800] "GET /chart/ HTTP/1.1" 200 383 "-" "Mozilla/5.0 (Windows NT 10.0; WOW64) AppleWebKit/537.36 (KHTML, like Gecko) Chrome/63.0.3239.84 Safari/537.36"
58.23.36.251 - - [07/Jan/2018:15:32:20 +0800] "GET /line?ac=asss&bc=adasda HTTP/1.1" 301 0 "http://119.29.62.85/chart/" "Mozilla/5.0 (Windows NT 10.0; WOW64) AppleWebKit/537.36 (KHTML, like Gecko) Chrome/63.0.3239.84 Safari/537.36"
58.23.36.251 - - [07/Jan/2018:15:32:20 +0800] "GET /line/?ac=asss&bc=adasda HTTP/1.1" 200 4 "http://119.29.62.85/chart/" "Mozilla/5.0 (Windows NT 10.0; WOW64) AppleWebKit/537.36 (KHTML, like Gecko) Chrome/63.0.3239.84 Safari/537.36"
112.65.193.15 - - [07/Jan/2018:15:32:33 +0800] "GET /line/?ac=asss&bc=adasda HTTP/1.1" 200 10 "http://119.29.62.85/chart/" "Mozilla/5.0 (Macintosh; Intel Mac OS X 10_12_4) AppleWebKit/537.36 (KHTML, like Gecko) \x09\x09\x09Chrome/55.0.2883.95 Safari/537.36"
58.23.36.251 - - [07/Jan/2018:15:32:34 +0800] "GET /chart/ HTTP/1.1" 200 383 "-" "Mozilla/5.0 (Windows NT 10.0; WOW64) AppleWebKit/537.36 (KHTML, like Gecko) Chrome/63.0.3239.84 Safari/537.36"
58.23.36.251 - - [07/Jan/2018:15:32:34 +0800] "GET /line/?ac=asss&bc=adasda HTTP/1.1" 200 10 "http://119.29.62.85/chart/" "Mozilla/5.0 (Windows NT 10.0; WOW64) AppleWebKit/537.36 (KHTML, like Gecko) Chrome/63.0.3239.84 Safari/537.36"
101.226.65.107 - - [07/Jan/2018:15:33:11 +0800] "GET /robots.txt HTTP/1.1" 404 1031 "-" "Mozilla/5.0 (Macintosh; Intel Mac OS X 10_12_4) AppleWebKit/537.36 (KHTML, like Gecko) \x09\x09\x09Chrome/55.0.2883.95 Safari/537.36"
58.246.221.75 - - [07/Jan/2018:15:33:20 +0800] "GET /line?ac=asss&bc=adasda HTTP/1.1" 301 0 "http://119.29.62.85/chart/" "Mozilla/5.0 (Windows NT 6.1; WOW64; Trident/7.0; SLCC2; .NET CLR 2.0.50727; .NET CLR 3.5.30729; .NET CLR 3.0.30729; Media Center PC 6.0; .NET4.0C; .NET4.0E; InfoPath.3; rv:11.0) like Gecko"
223.167.152.125 - - [07/Jan/2018:15:33:20 +0800] "GET /line/?ac=asss&bc=adasda HTTP/1.1" 200 10 "http://119.29.62.85/chart/" "Mozilla/5.0 (Windows NT 6.1; WOW64) AppleWebKit/537.36 (KHTML, like Gecko) Chrome/56.0.2924.87 Safari/537.36"
58.246.221.75 - - [07/Jan/2018:15:33:20 +0800] "GET /line/?ac=asss&bc=adasda HTTP/1.1" 200 10 "http://119.29.62.85/line?ac=asss&bc=adasda" "Mozilla/5.0 (Windows NT 6.1; WOW64; Trident/7.0; SLCC2; .NET CLR 2.0.50727; .NET CLR 3.5.30729; .NET CLR 3.0.30729; Media Center PC 6.0; .NET4.0C; .NET4.0E; InfoPath.3; rv:11.0) like Gecko"
101.226.65.107 - - [07/Jan/2018:15:34:37 +0800] "GET /line?ac=asss HTTP/1.1" 301 0 "http://119.29.62.85/chart/" "Mozilla/5.0 (Windows NT 6.1; WOW64) AppleWebKit/537.36 (KHTML, like Gecko) Chrome/45.0.2454.101 Safari/537.36"
101.226.65.107 - - [07/Jan/2018:15:34:38 +0800] "GET /line/?ac=asss HTTP/1.1" 500 65513 "http://119.29.62.85/line?ac=asss" "Mozilla/5.0 (Windows NT 6.1; WOW64) AppleWebKit/537.36 (KHTML, like Gecko) Chrome/45.0.2454.101 Safari/537.36"
58.23.36.251 - - [07/Jan/2018:15:35:07 +0800] "GET /chart/ HTTP/1.1" 200 391 "-" "Mozilla/5.0 (Windows NT 10.0; WOW64) AppleWebKit/537.36 (KHTML, like Gecko) Chrome/63.0.3239.84 Safari/537.36"
58.23.36.251 - - [07/Jan/2018:15:35:07 +0800] "POST /line HTTP/1.1" 500 12279 "http://119.29.62.85/chart/" "Mozilla/5.0 (Windows NT 10.0; WOW64) AppleWebKit/537.36 (KHTML, like Gecko) Chrome/63.0.3239.84 Safari/537.36"
58.23.36.251 - - [07/Jan/2018:15:35:40 +0800] "GET /chart/ HTTP/1.1" 200 391 "-" "Mozilla/5.0 (Windows NT 10.0; WOW64) AppleWebKit/537.36 (KHTML, like Gecko) Chrome/63.0.3239.84 Safari/537.36"
58.23.36.251 - - [07/Jan/2018:15:35:41 +0800] "POST /line HTTP/1.1" 500 12279 "http://119.29.62.85/chart/" "Mozilla/5.0 (Windows NT 10.0; WOW64) AppleWebKit/537.36 (KHTML, like Gecko) Chrome/63.0.3239.84 Safari/537.36"
58.23.36.251 - - [07/Jan/2018:15:36:39 +0800] "GET /chart/ HTTP/1.1" 200 391 "-" "Mozilla/5.0 (Windows NT 10.0; WOW64) AppleWebKit/537.36 (KHTML, like Gecko) Chrome/63.0.3239.84 Safari/537.36"
58.23.36.251 - - [07/Jan/2018:15:36:39 +0800] "POST /line HTTP/1.1" 500 12370 "http://119.29.62.85/chart/" "Mozilla/5.0 (Windows NT 10.0; WOW64) AppleWebKit/537.36 (KHTML, like Gecko) Chrome/63.0.3239.84 Safari/537.36"
58.23.36.251 - - [07/Jan/2018:15:40:16 +0800] "GET /chart/ HTTP/1.1" 200 391 "-" "Mozilla/5.0 (Windows NT 10.0; WOW64) AppleWebKit/537.36 (KHTML, like Gecko) Chrome/63.0.3239.84 Safari/537.36"
58.23.36.251 - - [07/Jan/2018:15:40:17 +0800] "GET /static/wjs/jquery-1.10.2.js HTTP/1.1" 200 273199 "http://119.29.62.85/chart/" "Mozilla/5.0 (Windows NT 10.0; WOW64) AppleWebKit/537.36 (KHTML, like Gecko) Chrome/63.0.3239.84 Safari/537.36"
58.23.36.251 - - [07/Jan/2018:15:40:18 +0800] "POST /line HTTP/1.1" 500 12336 "http://119.29.62.85/chart/" "Mozilla/5.0 (Windows NT 10.0; WOW64) AppleWebKit/537.36 (KHTML, like Gecko) Chrome/63.0.3239.84 Safari/537.36"
58.23.36.251 - - [07/Jan/2018:15:40:37 +0800] "GET /chart/ HTTP/1.1" 200 393 "-" "Mozilla/5.0 (Windows NT 10.0; WOW64) AppleWebKit/537.36 (KHTML, like Gecko) Chrome/63.0.3239.84 Safari/537.36"
58.23.36.251 - - [07/Jan/2018:15:40:38 +0800] "GET /static/wjs/jquery-1.10.2.js HTTP/1.1" 200 273199 "http://119.29.62.85/chart/" "Mozilla/5.0 (Windows NT 10.0; WOW64) AppleWebKit/537.36 (KHTML, like Gecko) Chrome/63.0.3239.84 Safari/537.36"
58.23.36.251 - - [07/Jan/2018:15:40:38 +0800] "POST /line HTTP/1.1" 500 12336 "http://119.29.62.85/chart/" "Mozilla/5.0 (Windows NT 10.0; WOW64) AppleWebKit/537.36 (KHTML, like Gecko) Chrome/63.0.3239.84 Safari/537.36"
58.247.212.140 - - [07/Jan/2018:15:41:17 +0800] "GET /chart HTTP/1.1" 301 0 "-" "Mozilla/5.0 (Windows NT 6.1; WOW64; Trident/7.0; SLCC2; .NET CLR 2.0.50727; .NET CLR 3.5.30729; .NET CLR 3.0.30729; Media Center PC 6.0; .NET4.0C; .NET4.0E; InfoPath.3; rv:11.0) like Gecko"
58.247.212.140 - - [07/Jan/2018:15:41:17 +0800] "GET /chart/ HTTP/1.1" 200 393 "http://119.29.62.85/chart" "Mozilla/5.0 (Windows NT 6.1; WOW64; Trident/7.0; SLCC2; .NET CLR 2.0.50727; .NET CLR 3.5.30729; .NET CLR 3.0.30729; Media Center PC 6.0; .NET4.0C; .NET4.0E; InfoPath.3; rv:11.0) like Gecko"
58.247.212.140 - - [07/Jan/2018:15:41:17 +0800] "GET /static/wjs/jquery-1.10.2.js HTTP/1.1" 200 273199 "http://119.29.62.85/chart/" "Mozilla/5.0 (Windows NT 6.1; WOW64) AppleWebKit/537.36 (KHTML, like Gecko) Chrome/53.0.2785.104 Safari/537.36 Core/1.53.2141.400 QQBrowser/9.5.10219.400"
58.23.36.251 - - [07/Jan/2018:15:42:12 +0800] "GET /chart/ HTTP/1.1" 200 393 "-" "Mozilla/5.0 (Windows NT 10.0; WOW64) AppleWebKit/537.36 (KHTML, like Gecko) Chrome/63.0.3239.84 Safari/537.36"
58.23.36.251 - - [07/Jan/2018:15:42:12 +0800] "POST /line HTTP/1.1" 500 12279 "http://119.29.62.85/chart/" "Mozilla/5.0 (Windows NT 10.0; WOW64) AppleWebKit/537.36 (KHTML, like Gecko) Chrome/63.0.3239.84 Safari/537.36"
58.23.36.251 - - [07/Jan/2018:15:42:33 +0800] "GET /chart/ HTTP/1.1" 200 394 "-" "Mozilla/5.0 (Windows NT 10.0; WOW64) AppleWebKit/537.36 (KHTML, like Gecko) Chrome/63.0.3239.84 Safari/537.36"
58.23.36.251 - - [07/Jan/2018:15:42:33 +0800] "GET /robots.txt HTTP/1.1" 404 1031 "-" "Mozilla/5.0 (Windows NT 10.0; WOW64) AppleWebKit/537.36 (KHTML, like Gecko) Chrome/63.0.3239.84 Safari/537.36"
58.23.36.251 - - [07/Jan/2018:15:42:34 +0800] "GET /line/?ac=asss&bc=adasda HTTP/1.1" 500 11574 "http://119.29.62.85/chart/" "Mozilla/5.0 (Windows NT 10.0; WOW64) AppleWebKit/537.36 (KHTML, like Gecko) Chrome/63.0.3239.84 Safari/537.36"
58.23.36.251 - - [07/Jan/2018:15:43:01 +0800] "GET /chart/ HTTP/1.1" 200 394 "-" "Mozilla/5.0 (Windows NT 10.0; WOW64) AppleWebKit/537.36 (KHTML, like Gecko) Chrome/63.0.3239.84 Safari/537.36"
58.23.36.251 - - [07/Jan/2018:15:43:01 +0800] "GET /line/?ac=asss&bc=adasda HTTP/1.1" 200 10 "http://119.29.62.85/chart/" "Mozilla/5.0 (Windows NT 10.0; WOW64) AppleWebKit/537.36 (KHTML, like Gecko) Chrome/63.0.3239.84 Safari/537.36"
58.23.36.251 - - [07/Jan/2018:15:49:05 +0800] "GET /chart/ HTTP/1.1" 200 393 "-" "Mozilla/5.0 (Windows NT 10.0; WOW64) AppleWebKit/537.36 (KHTML, like Gecko) Chrome/63.0.3239.84 Safari/537.36"
58.23.36.251 - - [07/Jan/2018:15:49:05 +0800] "POST /line HTTP/1.1" 500 12370 "http://119.29.62.85/chart/" "Mozilla/5.0 (Windows NT 10.0; WOW64) AppleWebKit/537.36 (KHTML, like Gecko) Chrome/63.0.3239.84 Safari/537.36"
58.23.36.251 - - [07/Jan/2018:15:52:52 +0800] "GET /chart/ HTTP/1.1" 200 393 "-" "Mozilla/5.0 (Windows NT 10.0; WOW64) AppleWebKit/537.36 (KHTML, like Gecko) Chrome/63.0.3239.84 Safari/537.36"
58.23.36.251 - - [07/Jan/2018:15:52:53 +0800] "POST /line HTTP/1.1" 500 12370 "http://119.29.62.85/chart/" "Mozilla/5.0 (Windows NT 10.0; WOW64) AppleWebKit/537.36 (KHTML, like Gecko) Chrome/63.0.3239.84 Safari/537.36"
58.23.36.251 - - [07/Jan/2018:15:52:55 +0800] "GET /chart/ HTTP/1.1" 200 393 "-" "Mozilla/5.0 (Windows NT 10.0; WOW64) AppleWebKit/537.36 (KHTML, like Gecko) Chrome/63.0.3239.84 Safari/537.36"
58.23.36.251 - - [07/Jan/2018:15:52:56 +0800] "GET /static/wjs/jquery-1.10.2.js HTTP/1.1" 200 273199 "http://119.29.62.85/chart/" "Mozilla/5.0 (Windows NT 10.0; WOW64) AppleWebKit/537.36 (KHTML, like Gecko) Chrome/63.0.3239.84 Safari/537.36"
58.23.36.251 - - [07/Jan/2018:15:52:56 +0800] "POST /line HTTP/1.1" 500 12427 "http://119.29.62.85/chart/" "Mozilla/5.0 (Windows NT 10.0; WOW64) AppleWebKit/537.36 (KHTML, like Gecko) Chrome/63.0.3239.84 Safari/537.36"
58.23.36.251 - - [07/Jan/2018:15:58:10 +0800] "GET /chart/ HTTP/1.1" 200 393 "-" "Mozilla/5.0 (Windows NT 10.0; WOW64) AppleWebKit/537.36 (KHTML, like Gecko) Chrome/63.0.3239.84 Safari/537.36"
58.23.36.251 - - [07/Jan/2018:15:58:11 +0800] "POST /line HTTP/1.1" 500 12370 "http://119.29.62.85/chart/" "Mozilla/5.0 (Windows NT 10.0; WOW64) AppleWebKit/537.36 (KHTML, like Gecko) Chrome/63.0.3239.84 Safari/537.36"
58.23.36.251 - - [07/Jan/2018:15:58:53 +0800] "GET /chart/ HTTP/1.1" 200 897 "-" "Mozilla/5.0 (Windows NT 10.0; WOW64) AppleWebKit/537.36 (KHTML, like Gecko) Chrome/63.0.3239.84 Safari/537.36"
58.23.36.251 - - [07/Jan/2018:15:58:53 +0800] "POST /line HTTP/1.1" 500 12456 "http://119.29.62.85/chart/" "Mozilla/5.0 (Windows NT 10.0; WOW64) AppleWebKit/537.36 (KHTML, like Gecko) Chrome/63.0.3239.84 Safari/537.36"
139.162.119.197 - - [07/Jan/2018:15:59:07 +0800] "GET / HTTP/1.1" 200 817 "-" "Mozilla/5.0 (Windows NT 10.0; WOW64) AppleWebKit/537.36 (KHTML, like Gecko) Chrome/50.0.2661.102 Safari/537.36"
58.23.36.251 - - [07/Jan/2018:16:00:43 +0800] "GET /chart/ HTTP/1.1" 200 383 "-" "Mozilla/5.0 (Windows NT 10.0; WOW64) AppleWebKit/537.36 (KHTML, like Gecko) Chrome/63.0.3239.84 Safari/537.36"
58.23.36.251 - - [07/Jan/2018:16:00:44 +0800] "GET /line/?ac=asss&bc=adasda HTTP/1.1" 200 16 "http://119.29.62.85/chart/" "Mozilla/5.0 (Windows NT 10.0; WOW64) AppleWebKit/537.36 (KHTML, like Gecko) Chrome/63.0.3239.84 Safari/537.36"
58.23.36.251 - - [07/Jan/2018:16:16:58 +0800] "GET /chart/ HTTP/1.1" 500 134382 "-" "Mozilla/5.0 (Windows NT 10.0; WOW64) AppleWebKit/537.36 (KHTML, like Gecko) Chrome/63.0.3239.84 Safari/537.36"
58.23.36.251 - - [07/Jan/2018:16:16:59 +0800] "GET /robots.txt HTTP/1.1" 500 149094 "-" "Mozilla/5.0 (Windows NT 10.0; WOW64) AppleWebKit/537.36 (KHTML, like Gecko) Chrome/63.0.3239.84 Safari/537.36"
58.23.36.251 - - [07/Jan/2018:16:17:00 +0800] "GET /robots.txt HTTP/1.1" 500 149094 "-" "Mozilla/5.0 (Windows NT 10.0; WOW64) AppleWebKit/537.36 (KHTML, like Gecko) Chrome/63.0.3239.84 Safari/537.36"
58.23.36.251 - - [07/Jan/2018:16:17:20 +0800] "GET /robots.txt HTTP/1.1" 500 149125 "-" "Mozilla/5.0 (Windows NT 10.0; WOW64) AppleWebKit/537.36 (KHTML, like Gecko) Chrome/63.0.3239.84 Safari/537.36"
58.23.36.251 - - [07/Jan/2018:16:17:20 +0800] "GET /chart/ HTTP/1.1" 500 134382 "-" "Mozilla/5.0 (Windows NT 10.0; WOW64) AppleWebKit/537.36 (KHTML, like Gecko) Chrome/63.0.3239.84 Safari/537.36"
58.23.36.251 - - [07/Jan/2018:16:17:21 +0800] "GET /robots.txt HTTP/1.1" 500 149117 "-" "Mozilla/5.0 (Windows NT 10.0; WOW64) AppleWebKit/537.36 (KHTML, like Gecko) Chrome/63.0.3239.84 Safari/537.36"
58.23.36.251 - - [07/Jan/2018:16:17:38 +0800] "GET /chart/ HTTP/1.1" 200 383 "-" "Mozilla/5.0 (Windows NT 10.0; WOW64) AppleWebKit/537.36 (KHTML, like Gecko) Chrome/63.0.3239.84 Safari/537.36"
58.23.36.251 - - [07/Jan/2018:16:17:38 +0800] "GET /robots.txt HTTP/1.1" 404 1031 "-" "Mozilla/5.0 (Windows NT 10.0; WOW64) AppleWebKit/537.36 (KHTML, like Gecko) Chrome/63.0.3239.84 Safari/537.36"
58.23.36.251 - - [07/Jan/2018:16:17:39 +0800] "GET /line?ac=ddd&bc=adasda HTTP/1.1" 301 0 "http://119.29.62.85/chart/" "Mozilla/5.0 (Windows NT 10.0; WOW64) AppleWebKit/537.36 (KHTML, like Gecko) Chrome/63.0.3239.84 Safari/537.36"
58.23.36.251 - - [07/Jan/2018:16:17:39 +0800] "GET /line/?ac=ddd&bc=adasda HTTP/1.1" 500 11570 "http://119.29.62.85/chart/" "Mozilla/5.0 (Windows NT 10.0; WOW64) AppleWebKit/537.36 (KHTML, like Gecko) Chrome/63.0.3239.84 Safari/537.36"
58.23.36.251 - - [07/Jan/2018:16:18:00 +0800] "GET /chart/ HTTP/1.1" 200 383 "-" "Mozilla/5.0 (Windows NT 10.0; WOW64) AppleWebKit/537.36 (KHTML, like Gecko) Chrome/63.0.3239.84 Safari/537.36"
58.23.36.251 - - [07/Jan/2018:16:18:01 +0800] "GET /line/?ac=ddd&bc=adasda HTTP/1.1" 500 11570 "http://119.29.62.85/chart/" "Mozilla/5.0 (Windows NT 10.0; WOW64) AppleWebKit/537.36 (KHTML, like Gecko) Chrome/63.0.3239.84 Safari/537.36"
223.167.152.13 - - [07/Jan/2018:16:18:39 +0800] "GET /line?ac=ddd&bc=adasda HTTP/1.1" 301 0 "http://119.29.62.85/chart/" "Mozilla/5.0 (Windows NT 6.1; WOW64) AppleWebKit/537.36 (KHTML, like Gecko) Chrome/53.0.2785.104 Safari/537.36 Core/1.53.2141.400 QQBrowser/9.5.10219.400"
223.167.152.13 - - [07/Jan/2018:16:18:39 +0800] "GET /line/?ac=ddd&bc=adasda HTTP/1.1" 500 48756 "http://119.29.62.85/chart/" "Mozilla/5.0 (Windows NT 6.1; WOW64) AppleWebKit/537.36 (KHTML, like Gecko) Chrome/45.0.2454.101 Safari/537.36"
223.167.152.13 - - [07/Jan/2018:16:18:39 +0800] "GET /line/?ac=ddd&bc=adasda HTTP/1.1" 500 48830 "http://119.29.62.85/line?ac=ddd&bc=adasda" "Mozilla/5.0 (Windows NT 6.1; WOW64) AppleWebKit/537.36 (KHTML, like Gecko) Chrome/53.0.2785.104 Safari/537.36 Core/1.53.2141.400 QQBrowser/9.5.10219.400"
58.23.36.251 - - [07/Jan/2018:16:19:58 +0800] "GET /chart/ HTTP/1.1" 200 383 "-" "Mozilla/5.0 (Windows NT 10.0; WOW64) AppleWebKit/537.36 (KHTML, like Gecko) Chrome/63.0.3239.84 Safari/537.36"
58.23.36.251 - - [07/Jan/2018:16:19:59 +0800] "GET /line/?ac=ddd&bc=adasda HTTP/1.1" 200 8 "http://119.29.62.85/chart/" "Mozilla/5.0 (Windows NT 10.0; WOW64) AppleWebKit/537.36 (KHTML, like Gecko) Chrome/63.0.3239.84 Safari/537.36"
101.226.65.107 - - [07/Jan/2018:16:20:57 +0800] "GET /line?ac=ddd&bc=adasda HTTP/1.1" 301 0 "http://119.29.62.85/chart/" "Mozilla/5.0 (Windows NT 6.1; WOW64) AppleWebKit/537.36 (KHTML, like Gecko) Chrome/45.0.2454.101 Safari/537.36"
101.226.65.107 - - [07/Jan/2018:16:20:58 +0800] "GET /line/?ac=ddd&bc=adasda HTTP/1.1" 500 48775 "http://119.29.62.85/line?ac=ddd&bc=adasda" "Mozilla/5.0 (Windows NT 6.1; WOW64) AppleWebKit/537.36 (KHTML, like Gecko) Chrome/45.0.2454.101 Safari/537.36"
58.23.36.251 - - [07/Jan/2018:16:26:46 +0800] "GET /chart/ HTTP/1.1" 500 134601 "-" "Mozilla/5.0 (Windows NT 10.0; WOW64) AppleWebKit/537.36 (KHTML, like Gecko) Chrome/63.0.3239.84 Safari/537.36"
58.23.36.251 - - [07/Jan/2018:16:27:49 +0800] "GET /chart/ HTTP/1.1" 500 134601 "-" "Mozilla/5.0 (Windows NT 10.0; WOW64) AppleWebKit/537.36 (KHTML, like Gecko) Chrome/63.0.3239.84 Safari/537.36"
58.23.36.251 - - [07/Jan/2018:16:28:20 +0800] "GET /chart/ HTTP/1.1" 500 134601 "-" "Mozilla/5.0 (Windows NT 10.0; WOW64) AppleWebKit/537.36 (KHTML, like Gecko) Chrome/63.0.3239.84 Safari/537.36"
58.23.36.251 - - [07/Jan/2018:16:28:22 +0800] "GET /chart/ HTTP/1.1" 500 134727 "-" "Mozilla/5.0 (Windows NT 10.0; WOW64) AppleWebKit/537.36 (KHTML, like Gecko) Chrome/63.0.3239.84 Safari/537.36"
58.23.36.251 - - [07/Jan/2018:16:28:40 +0800] "GET /chart/ HTTP/1.1" 500 134466 "-" "Mozilla/5.0 (Windows NT 10.0; WOW64) AppleWebKit/537.36 (KHTML, like Gecko) Chrome/63.0.3239.84 Safari/537.36"
58.23.36.251 - - [07/Jan/2018:16:28:41 +0800] "GET / HTTP/1.1" 500 134388 "-" "Mozilla/5.0 (Windows NT 10.0; WOW64) AppleWebKit/537.36 (KHTML, like Gecko) Chrome/63.0.3239.84 Safari/537.36"
58.23.36.251 - - [07/Jan/2018:16:30:09 +0800] "GET / HTTP/1.1" 200 357 "-" "Mozilla/5.0 (Windows NT 10.0; WOW64) AppleWebKit/537.36 (KHTML, like Gecko) Chrome/63.0.3239.84 Safari/537.36"
58.23.36.251 - - [07/Jan/2018:16:30:10 +0800] "GET / HTTP/1.1" 200 357 "http://119.29.62.85/" "Mozilla/5.0 (Windows NT 10.0; WOW64) AppleWebKit/537.36 (KHTML, like Gecko) Chrome/63.0.3239.84 Safari/537.36"
58.23.36.251 - - [07/Jan/2018:16:30:10 +0800] "GET /static/home/js/lineChart.js HTTP/1.1" 304 0 "http://119.29.62.85/" "Mozilla/5.0 (Windows NT 10.0; WOW64) AppleWebKit/537.36 (KHTML, like Gecko) Chrome/63.0.3239.84 Safari/537.36"
58.23.36.251 - - [07/Jan/2018:16:30:10 +0800] "GET /static/home/js/postChart.js HTTP/1.1" 304 0 "http://119.29.62.85/" "Mozilla/5.0 (Windows NT 10.0; WOW64) AppleWebKit/537.36 (KHTML, like Gecko) Chrome/63.0.3239.84 Safari/537.36"
58.23.36.251 - - [07/Jan/2018:16:30:10 +0800] "GET /static/home/js/angleChart.js HTTP/1.1" 200 2076 "http://119.29.62.85/" "Mozilla/5.0 (Windows NT 10.0; WOW64) AppleWebKit/537.36 (KHTML, like Gecko) Chrome/63.0.3239.84 Safari/537.36"
58.23.36.251 - - [07/Jan/2018:16:31:44 +0800] "GET /chart/ HTTP/1.1" 200 362 "-" "Mozilla/5.0 (Windows NT 10.0; WOW64) AppleWebKit/537.36 (KHTML, like Gecko) Chrome/63.0.3239.84 Safari/537.36"
58.23.36.251 - - [07/Jan/2018:16:31:45 +0800] "GET /line?ac=ddd HTTP/1.1" 301 0 "http://119.29.62.85/chart/" "Mozilla/5.0 (Windows NT 10.0; WOW64) AppleWebKit/537.36 (KHTML, like Gecko) Chrome/63.0.3239.84 Safari/537.36"
58.23.36.251 - - [07/Jan/2018:16:31:45 +0800] "GET /line/?ac=ddd HTTP/1.1" 200 16 "http://119.29.62.85/chart/" "Mozilla/5.0 (Windows NT 10.0; WOW64) AppleWebKit/537.36 (KHTML, like Gecko) Chrome/63.0.3239.84 Safari/537.36"
58.23.36.251 - - [07/Jan/2018:16:32:23 +0800] "GET /chart/ HTTP/1.1" 500 134601 "-" "Mozilla/5.0 (Windows NT 10.0; WOW64) AppleWebKit/537.36 (KHTML, like Gecko) Chrome/63.0.3239.84 Safari/537.36"
58.23.36.251 - - [07/Jan/2018:16:32:25 +0800] "GET /robots.txt HTTP/1.1" 500 149313 "-" "Mozilla/5.0 (Windows NT 10.0; WOW64) AppleWebKit/537.36 (KHTML, like Gecko) Chrome/63.0.3239.84 Safari/537.36"
58.23.36.251 - - [07/Jan/2018:16:32:25 +0800] "GET /robots.txt HTTP/1.1" 500 149313 "-" "Mozilla/5.0 (Windows NT 10.0; WOW64) AppleWebKit/537.36 (KHTML, like Gecko) Chrome/63.0.3239.84 Safari/537.36"
223.166.151.191 - - [07/Jan/2018:16:32:45 +0800] "GET /line/?ac=ddd HTTP/1.1" 500 133994 "http://119.29.62.85/chart/" "Mozilla/5.0 (Windows NT 6.1; WOW64) AppleWebKit/537.36 (KHTML, like Gecko) Chrome/45.0.2454.101 Safari/537.36"
58.247.212.140 - - [07/Jan/2018:16:32:45 +0800] "GET /line?ac=ddd HTTP/1.1" 500 149711 "http://119.29.62.85/chart/" "Mozilla/5.0 (Windows NT 6.1; WOW64) AppleWebKit/537.36 (KHTML, like Gecko) Chrome/43.0.2357.124 Safari/537.36"
58.23.36.251 - - [07/Jan/2018:16:33:06 +0800] "GET /chart/ HTTP/1.1" 500 134601 "-" "Mozilla/5.0 (Windows NT 10.0; WOW64) AppleWebKit/537.36 (KHTML, like Gecko) Chrome/63.0.3239.84 Safari/537.36"
58.23.36.251 - - [07/Jan/2018:16:33:07 +0800] "GET /robots.txt HTTP/1.1" 500 149376 "-" "Mozilla/5.0 (Windows NT 10.0; WOW64) AppleWebKit/537.36 (KHTML, like Gecko) Chrome/63.0.3239.84 Safari/537.36"
58.23.36.251 - - [07/Jan/2018:16:33:08 +0800] "GET /robots.txt HTTP/1.1" 500 149336 "-" "Mozilla/5.0 (Windows NT 10.0; WOW64) AppleWebKit/537.36 (KHTML, like Gecko) Chrome/63.0.3239.84 Safari/537.36"
58.23.36.251 - - [07/Jan/2018:16:35:21 +0800] "GET /robots.txt HTTP/1.1" 500 149313 "-" "Mozilla/5.0 (Windows NT 10.0; WOW64) AppleWebKit/537.36 (KHTML, like Gecko) Chrome/63.0.3239.84 Safari/537.36"
58.23.36.251 - - [07/Jan/2018:16:35:22 +0800] "GET /chart/ HTTP/1.1" 500 134601 "-" "Mozilla/5.0 (Windows NT 10.0; WOW64) AppleWebKit/537.36 (KHTML, like Gecko) Chrome/63.0.3239.84 Safari/537.36"
58.23.36.251 - - [07/Jan/2018:16:35:23 +0800] "GET /robots.txt HTTP/1.1" 500 149313 "-" "Mozilla/5.0 (Windows NT 10.0; WOW64) AppleWebKit/537.36 (KHTML, like Gecko) Chrome/63.0.3239.84 Safari/537.36"
58.23.36.251 - - [07/Jan/2018:16:36:47 +0800] "GET /chart/ HTTP/1.1" 500 134597 "-" "Mozilla/5.0 (Windows NT 10.0; WOW64) AppleWebKit/537.36 (KHTML, like Gecko) Chrome/63.0.3239.84 Safari/537.36"
58.23.36.251 - - [07/Jan/2018:16:36:49 +0800] "GET /robots.txt HTTP/1.1" 500 149309 "-" "Mozilla/5.0 (Windows NT 10.0; WOW64) AppleWebKit/537.36 (KHTML, like Gecko) Chrome/63.0.3239.84 Safari/537.36"
58.23.36.251 - - [07/Jan/2018:16:36:49 +0800] "GET /robots.txt HTTP/1.1" 500 149309 "-" "Mozilla/5.0 (Windows NT 10.0; WOW64) AppleWebKit/537.36 (KHTML, like Gecko) Chrome/63.0.3239.84 Safari/537.36"
58.23.36.251 - - [07/Jan/2018:16:36:56 +0800] "GET /chart/ HTTP/1.1" 500 134723 "-" "Mozilla/5.0 (Windows NT 10.0; WOW64) AppleWebKit/537.36 (KHTML, like Gecko) Chrome/63.0.3239.84 Safari/537.36"
58.23.36.251 - - [07/Jan/2018:16:36:57 +0800] "GET /robots.txt HTTP/1.1" 500 149332 "-" "Mozilla/5.0 (Windows NT 10.0; WOW64) AppleWebKit/537.36 (KHTML, like Gecko) Chrome/63.0.3239.84 Safari/537.36"
58.23.36.251 - - [07/Jan/2018:16:36:57 +0800] "GET /robots.txt HTTP/1.1" 500 149332 "-" "Mozilla/5.0 (Windows NT 10.0; WOW64) AppleWebKit/537.36 (KHTML, like Gecko) Chrome/63.0.3239.84 Safari/537.36"
58.23.36.251 - - [07/Jan/2018:16:38:36 +0800] "GET /chart/ HTTP/1.1" 200 347 "-" "Mozilla/5.0 (Windows NT 10.0; WOW64) AppleWebKit/537.36 (KHTML, like Gecko) Chrome/63.0.3239.84 Safari/537.36"
58.23.36.251 - - [07/Jan/2018:16:38:36 +0800] "GET /robots.txt HTTP/1.1" 404 1031 "-" "Mozilla/5.0 (Windows NT 10.0; WOW64) AppleWebKit/537.36 (KHTML, like Gecko) Chrome/63.0.3239.84 Safari/537.36"
58.23.36.251 - - [07/Jan/2018:16:38:37 +0800] "GET /line/ HTTP/1.1" 200 56 "http://119.29.62.85/chart/" "Mozilla/5.0 (Windows NT 10.0; WOW64) AppleWebKit/537.36 (KHTML, like Gecko) Chrome/63.0.3239.84 Safari/537.36"
58.23.36.251 - - [07/Jan/2018:16:38:57 +0800] "GET /chart/ HTTP/1.1" 200 347 "-" "Mozilla/5.0 (Windows NT 10.0; WOW64) AppleWebKit/537.36 (KHTML, like Gecko) Chrome/63.0.3239.84 Safari/537.36"
58.23.36.251 - - [07/Jan/2018:16:38:57 +0800] "GET /line/ HTTP/1.1" 200 56 "http://119.29.62.85/chart/" "Mozilla/5.0 (Windows NT 10.0; WOW64) AppleWebKit/537.36 (KHTML, like Gecko) Chrome/63.0.3239.84 Safari/537.36"
61.129.6.75 - - [07/Jan/2018:16:39:57 +0800] "GET /chart HTTP/1.1" 301 0 "-" "Mozilla/5.0 (Windows NT 6.1; WOW64) AppleWebKit/537.36 (KHTML, like Gecko) Chrome/53.0.2785.104 Safari/537.36 Core/1.53.2141.400 QQBrowser/9.5.10219.400"
61.129.6.75 - - [07/Jan/2018:16:39:57 +0800] "GET /chart/ HTTP/1.1" 200 347 "http://119.29.62.85/chart" "Mozilla/5.0 (Windows NT 6.1; WOW64) AppleWebKit/537.36 (KHTML, like Gecko) Chrome/53.0.2785.104 Safari/537.36 Core/1.53.2141.400 QQBrowser/9.5.10219.400"
61.129.6.75 - - [07/Jan/2018:16:39:58 +0800] "GET /static/wjs/jquery-1.10.2.js HTTP/1.1" 200 273199 "http://119.29.62.85/chart/" "Mozilla/5.0 (Windows NT 6.1; WOW64) AppleWebKit/537.36 (KHTML, like Gecko) Chrome/43.0.2357.124 Safari/537.36"
58.23.36.251 - - [07/Jan/2018:16:41:30 +0800] "GET /chart/ HTTP/1.1" 200 357 "-" "Mozilla/5.0 (Windows NT 10.0; WOW64) AppleWebKit/537.36 (KHTML, like Gecko) Chrome/63.0.3239.84 Safari/537.36"
58.23.36.251 - - [07/Jan/2018:16:41:46 +0800] "GET /chart/ HTTP/1.1" 200 357 "-" "Mozilla/5.0 (Windows NT 10.0; WOW64) AppleWebKit/537.36 (KHTML, like Gecko) Chrome/63.0.3239.84 Safari/537.36"
58.23.36.251 - - [07/Jan/2018:16:41:46 +0800] "GET /line/?ac=ddd HTTP/1.1" 200 56 "http://119.29.62.85/chart/" "Mozilla/5.0 (Windows NT 10.0; WOW64) AppleWebKit/537.36 (KHTML, like Gecko) Chrome/63.0.3239.84 Safari/537.36"
58.23.36.251 - - [07/Jan/2018:16:45:43 +0800] "GET /chart/ HTTP/1.1" 500 134658 "-" "Mozilla/5.0 (Windows NT 10.0; WOW64) AppleWebKit/537.36 (KHTML, like Gecko) Chrome/63.0.3239.84 Safari/537.36"
58.23.36.251 - - [07/Jan/2018:16:46:28 +0800] "GET /chart/ HTTP/1.1" 200 355 "-" "Mozilla/5.0 (Windows NT 10.0; WOW64) AppleWebKit/537.36 (KHTML, like Gecko) Chrome/63.0.3239.84 Safari/537.36"
58.23.36.251 - - [07/Jan/2018:16:46:28 +0800] "GET /line/?ac=ddd HTTP/1.1" 500 14684 "http://119.29.62.85/chart/" "Mozilla/5.0 (Windows NT 10.0; WOW64) AppleWebKit/537.36 (KHTML, like Gecko) Chrome/63.0.3239.84 Safari/537.36"
58.23.36.251 - - [07/Jan/2018:16:46:43 +0800] "GET /chart/ HTTP/1.1" 200 355 "-" "Mozilla/5.0 (Windows NT 10.0; WOW64) AppleWebKit/537.36 (KHTML, like Gecko) Chrome/63.0.3239.84 Safari/537.36"
58.23.36.251 - - [07/Jan/2018:16:46:44 +0800] "GET /static/wjs/jquery-1.10.2.js HTTP/1.1" 200 273199 "http://119.29.62.85/chart/" "Mozilla/5.0 (Windows NT 10.0; WOW64) AppleWebKit/537.36 (KHTML, like Gecko) Chrome/63.0.3239.84 Safari/537.36"
58.23.36.251 - - [07/Jan/2018:16:46:44 +0800] "GET /line?ac=ddd HTTP/1.1" 301 0 "http://119.29.62.85/chart/" "Mozilla/5.0 (Windows NT 10.0; WOW64) AppleWebKit/537.36 (KHTML, like Gecko) Chrome/63.0.3239.84 Safari/537.36"
58.23.36.251 - - [07/Jan/2018:16:46:44 +0800] "GET /line/?ac=ddd HTTP/1.1" 500 14741 "http://119.29.62.85/chart/" "Mozilla/5.0 (Windows NT 10.0; WOW64) AppleWebKit/537.36 (KHTML, like Gecko) Chrome/63.0.3239.84 Safari/537.36"
58.23.36.251 - - [07/Jan/2018:16:52:19 +0800] "GET /chart/ HTTP/1.1" 200 355 "-" "Mozilla/5.0 (Windows NT 10.0; WOW64) AppleWebKit/537.36 (KHTML, like Gecko) Chrome/63.0.3239.84 Safari/537.36"
58.23.36.251 - - [07/Jan/2018:16:52:23 +0800] "GET /rate HTTP/1.1" 301 0 "-" "Mozilla/5.0 (Windows NT 10.0; WOW64) AppleWebKit/537.36 (KHTML, like Gecko) Chrome/63.0.3239.84 Safari/537.36"
58.23.36.251 - - [07/Jan/2018:16:52:23 +0800] "GET /rate/ HTTP/1.1" 200 354 "-" "Mozilla/5.0 (Windows NT 10.0; WOW64) AppleWebKit/537.36 (KHTML, like Gecko) Chrome/63.0.3239.84 Safari/537.36"
58.23.36.251 - - [07/Jan/2018:16:52:23 +0800] "GET /line?ac=ccc HTTP/1.1" 301 0 "http://119.29.62.85/rate/" "Mozilla/5.0 (Windows NT 10.0; WOW64) AppleWebKit/537.36 (KHTML, like Gecko) Chrome/63.0.3239.84 Safari/537.36"
58.23.36.251 - - [07/Jan/2018:16:52:23 +0800] "GET /line/?ac=ccc HTTP/1.1" 500 14679 "http://119.29.62.85/rate/" "Mozilla/5.0 (Windows NT 10.0; WOW64) AppleWebKit/537.36 (KHTML, like Gecko) Chrome/63.0.3239.84 Safari/537.36"
58.23.36.251 - - [07/Jan/2018:16:53:11 +0800] "GET /line/?ac=ddd HTTP/1.1" 200 56 "http://119.29.62.85/chart/" "Mozilla/5.0 (Windows NT 10.0; WOW64) AppleWebKit/537.36 (KHTML, like Gecko) Chrome/63.0.3239.84 Safari/537.36"
58.247.212.69 - - [07/Jan/2018:16:53:23 +0800] "GET /rate HTTP/1.1" 301 0 "-" "Mozilla/5.0 (Windows NT 6.1; WOW64) AppleWebKit/537.36 (KHTML, like Gecko) Chrome/45.0.2454.101 Safari/537.36"
58.247.212.139 - - [07/Jan/2018:16:53:23 +0800] "GET /line?ac=ccc HTTP/1.1" 301 0 "http://119.29.62.85/rate/" "Mozilla/5.0 (Windows NT 6.1; WOW64) AppleWebKit/537.36 (KHTML, like Gecko) Chrome/53.0.2785.104 Safari/537.36 Core/1.53.2141.400 QQBrowser/9.5.10219.400"
112.65.193.15 - - [07/Jan/2018:16:53:23 +0800] "GET /line/?ac=ccc HTTP/1.1" 500 48544 "http://119.29.62.85/rate/" "Mozilla/5.0 (Windows NT 6.1; WOW64) AppleWebKit/537.36 (KHTML, like Gecko) Chrome/45.0.2454.101 Safari/537.36"
